// Jest Snapshot v1, https://goo.gl/fbAQLP

exports[`should render ExpenseListItem with expense 1`] = `
<div>
  <h3>
    Expense Description: 
    Rent
  </h3>
  <p>
    $1,095.00
    -
    Dec 28th, 1969
  </p>
  <Link
    replace={false}
    to="/edit/2"
  >
    Edit
  </Link>
</div>
`;
